Release 14.5 - xst P.58f (nt64)
Copyright (c) 1995-2012 Xilinx, Inc.  All rights reserved.
--> Parameter TMPDIR set to xst/projnav.tmp


Total REAL time to Xst completion: 0.00 secs
Total CPU time to Xst completion: 0.15 secs
 
--> Parameter xsthdpdir set to xst


Total REAL time to Xst completion: 0.00 secs
Total CPU time to Xst completion: 0.15 secs
 
--> Reading design: mealy1011.prj

TABLE OF CONTENTS
  1) Synthesis Options Summary
  2) HDL Parsing
  3) HDL Elaboration
  4) HDL Synthesis
       4.1) HDL Synthesis Report
  5) Advanced HDL Synthesis
       5.1) Advanced HDL Synthesis Report
  6) Low Level Synthesis
  7) Partition Report
  8) Design Summary
       8.1) Primitive and Black Box Usage
       8.2) Device utilization summary
       8.3) Partition Resource Summary
       8.4) Timing Report
            8.4.1) Clock Information
            8.4.2) Asynchronous Control Signals Information
            8.4.3) Timing Summary
            8.4.4) Timing Details
            8.4.5) Cross Clock Domains Report


=========================================================================
*                      Synthesis Options Summary                        *
=========================================================================
---- Source Parameters
Input File Name                    : "mealy1011.prj"
Ignore Synthesis Constraint File   : NO

---- Target Parameters
Output File Name                   : "mealy1011"
Output Format                      : NGC
Target Device                      : xc6vcx75t-2-ff484

---- Source Options
Top Module Name                    : mealy1011
Automatic FSM Extraction           : YES
FSM Encoding Algorithm             : Auto
Safe Implementation                : No
FSM Style                          : LUT
RAM Extraction                     : Yes
RAM Style                          : Auto
ROM Extraction                     : Yes
Shift Register Extraction          : YES
ROM Style                          : Auto
Resource Sharing                   : YES
Asynchronous To Synchronous        : NO
Shift Register Minimum Size        : 2
Use DSP Block                      : Auto
Automatic Register Balancing       : No

---- Target Options
LUT Combining                      : Auto
Reduce Control Sets                : Auto
Add IO Buffers                     : YES
Global Maximum Fanout              : 100000
Add Generic Clock Buffer(BUFG)     : 32
Register Duplication               : YES
Optimize Instantiated Primitives   : NO
Use Clock Enable                   : Auto
Use Synchronous Set                : Auto
Use Synchronous Reset              : Auto
Pack IO Registers into IOBs        : Auto
Equivalent register Removal        : YES

---- General Options
Optimization Goal                  : Speed
Optimization Effort                : 1
Power Reduction                    : NO
Keep Hierarchy                     : No
Netlist Hierarchy                  : As_Optimized
RTL Output                         : Yes
Global Optimization                : AllClockNets
Read Cores                         : YES
Write Timing Constraints           : NO
Cross Clock Analysis               : NO
Hierarchy Separator                : /
Bus Delimiter                      : <>
Case Specifier                     : Maintain
Slice Utilization Ratio            : 100
BRAM Utilization Ratio             : 100
DSP48 Utilization Ratio            : 100
Auto BRAM Packing                  : NO
Slice Utilization Ratio Delta      : 5

=========================================================================


=========================================================================
*                          HDL Parsing                                  *
=========================================================================
Analyzing Verilog file "E:\merged_partition_content\Semi 7\Digital IC Design\Simulations\DFT\D_Flip_Flop.v" into library work
Parsing module <D_Flip_Flop>.
Analyzing Verilog file "E:\merged_partition_content\Semi 7\Digital IC Design\Simulations\DFT\mealy1011.v" into library work
Parsing module <mealy1011>.

=========================================================================
*                            HDL Elaboration                            *
=========================================================================

Elaborating module <mealy1011>.

Elaborating module <D_Flip_Flop>.

=========================================================================
*                           HDL Synthesis                               *
=========================================================================

Synthesizing Unit <mealy1011>.
    Related source file is "E:\merged_partition_content\Semi 7\Digital IC Design\Simulations\DFT\mealy1011.v".
    Summary:
	no macro.
Unit <mealy1011> synthesized.

Synthesizing Unit <D_Flip_Flop>.
    Related source file is "E:\merged_partition_content\Semi 7\Digital IC Design\Simulations\DFT\D_Flip_Flop.v".
    Found 1-bit register for signal <q1>.
    Found 1-bit register for signal <q>.
    Summary:
	inferred   2 D-type flip-flop(s).
Unit <D_Flip_Flop> synthesized.

=========================================================================
HDL Synthesis Report

Macro Statistics
# Registers                                            : 2
 1-bit register                                        : 2

=========================================================================

=========================================================================
*                       Advanced HDL Synthesis                          *
=========================================================================


=========================================================================
Advanced HDL Synthesis Report

Macro Statistics
# Registers                                            : 2
 Flip-Flops                                            : 2

=========================================================================

=========================================================================
*                         Low Level Synthesis                           *
=========================================================================

Optimizing unit <mealy1011> ...
INFO:Xst:3203 - The FF/Latch <dd/q1> in Unit <mealy1011> is the opposite to the following FF/Latch, which will be removed : <dd/q> 

Mapping all equations...
Building and optimizing final netlist ...
Found area constraint ratio of 100 (+ 5) on block mealy1011, actual ratio is 0.
FlipFlop dd/q1 has been replicated 1 time(s) to handle iob=true attribute.

Final Macro Processing ...

=========================================================================
Final Register Report

Macro Statistics
# Registers                                            : 2
 Flip-Flops                                            : 2

=========================================================================

=========================================================================
*                           Partition Report                            *
=========================================================================

Partition Implementation Status
-------------------------------

  No Partitions were found in this design.

-------------------------------

=========================================================================
*                            Design Summary                             *
=========================================================================

Top Level Output File Name         : mealy1011.ngc

Primitive and Black Box Usage:
------------------------------
# BELS                             : 2
#      INV                         : 2
# FlipFlops/Latches                : 2
#      FD                          : 2
# Clock Buffers                    : 1
#      BUFGP                       : 1
# IO Buffers                       : 3
#      IBUF                        : 1
#      OBUF                        : 2

Device utilization summary:
---------------------------

Selected Device : 6vcx75tff484-2 


Slice Logic Utilization: 
 Number of Slice Registers:               1  out of  93120     0%  
 Number of Slice LUTs:                    2  out of  46560     0%  
    Number used as Logic:                 2  out of  46560     0%  

Slice Logic Distribution: 
 Number of LUT Flip Flop pairs used:      3
   Number with an unused Flip Flop:       2  out of      3    66%  
   Number with an unused LUT:             1  out of      3    33%  
   Number of fully used LUT-FF pairs:     0  out of      3     0%  
   Number of unique control sets:         1

IO Utilization: 
 Number of IOs:                           4
 Number of bonded IOBs:                   4  out of    240     1%  
    IOB Flip Flops/Latches:               1

Specific Feature Utilization:
 Number of BUFG/BUFGCTRL/BUFHCEs:         1  out of    104     0%  

---------------------------
Partition Resource Summary:
---------------------------

  No Partitions were found in this design.

---------------------------


=========================================================================
Timing Report

NOTE: THESE TIMING NUMBERS ARE ONLY A SYNTHESIS ESTIMATE.
      FOR ACCURATE TIMING INFORMATION PLEASE REFER TO THE TRACE REPORT
      GENERATED AFTER PLACE-and-ROUTE.

Clock Information:
------------------
-----------------------------------+------------------------+-------+
Clock Signal                       | Clock buffer(FF name)  | Load  |
-----------------------------------+------------------------+-------+
c                                  | BUFGP                  | 2     |
-----------------------------------+------------------------+-------+

Asynchronous Control Signals Information:
----------------------------------------
No asynchronous control signals found in this design

Timing Summary:
---------------
Speed Grade: -2

   Minimum period: No path found
   Minimum input arrival time before clock: 0.765ns
   Maximum output required time after clock: 1.077ns
   Maximum combinational path delay: No path found

Timing Details:
---------------
All values displayed in nanoseconds (ns)

=========================================================================
Timing constraint: Default OFFSET IN BEFORE for Clock 'c'
  Total number of paths / destination ports: 2 / 2
-------------------------------------------------------------------------
Offset:              0.765ns (Levels of Logic = 2)
  Source:            d (PAD)
  Destination:       dd/q1 (FF)
  Destination Clock: c rising

  Data Path: d to dd/q1
                                Gate     Net
    Cell:in->out      fanout   Delay   Delay  Logical Name (Net Name)
    ----------------------------------------  ------------
     IBUF:I->O             1   0.003   0.339  d_IBUF (d_IBUF)
     INV:I->O              2   0.079   0.344  dd/d_INV_1_o1_INV_0 (dd/d_INV_1_o)
     FD:D                     -0.002          dd/q1
    ----------------------------------------
    Total                      0.765ns (0.082ns logic, 0.683ns route)
                                       (10.7% logic, 89.3% route)

=========================================================================
Timing constraint: Default OFFSET OUT AFTER for Clock 'c'
  Total number of paths / destination ports: 2 / 2
-------------------------------------------------------------------------
Offset:              1.077ns (Levels of Logic = 2)
  Source:            dd/q1 (FF)
  Destination:       q (PAD)
  Source Clock:      c rising

  Data Path: dd/q1 to q
                                Gate     Net
    Cell:in->out      fanout   Delay   Delay  Logical Name (Net Name)
    ----------------------------------------  ------------
     FD:C->Q               1   0.317   0.339  dd/q1 (dd/q1)
     INV:I->O              1   0.079   0.339  q1_inv1_INV_0 (q_OBUF)
     OBUF:I->O                 0.003          q_OBUF (q)
    ----------------------------------------
    Total                      1.077ns (0.399ns logic, 0.678ns route)
                                       (37.0% logic, 63.0% route)

=========================================================================

Cross Clock Domains Report:
--------------------------

=========================================================================


Total REAL time to Xst completion: 7.00 secs
Total CPU time to Xst completion: 7.34 secs
 
--> 

Total memory usage is 308068 kilobytes

Number of errors   :    0 (   0 filtered)
Number of warnings :    0 (   0 filtered)
Number of infos    :    1 (   0 filtered)

